// Jest Snapshot v1, https://goo.gl/fbAQLP

exports[`<Separator /> simple render 1`] = `
<hr
  className="datetime-separator"
/>
`;
